[Nest] 18380  - 15/08/2026, 09:54:48     LOG [NestFactory] Starting Nest application...
[Nest] 18380  - 15/08/2026, 09:54:48     LOG [InstanceLoader] PassportModule dependencies initialized +18ms
[Nest] 18380  - 15/08/2026, 09:54:48     LOG [InstanceLoader] ConfigHostModule dependencies initialized +1ms
[Nest] 18380  - 15/08/2026, 09:54:48     LOG [InstanceLoader] ThrottlerModule dependencies initialized +1ms
[Nest] 18380  - 15/08/2026, 09:54:48     LOG [InstanceLoader] DiscoveryModule dependencies initialized +1ms
[Nest] 18380  - 15/08/2026, 09:54:48     LOG [InstanceLoader] ConfigModule dependencies initialized +9ms
[Nest] 18380  - 15/08/2026, 09:54:48     LOG [InstanceLoader] ConfigModule dependencies initialized +0ms
[Nest] 18380  - 15/08/2026, 09:54:48     LOG [InstanceLoader] ScheduleModule dependencies initialized +1ms
[Nest] 18380  - 15/08/2026, 09:54:48     LOG [InstanceLoader] PrismaModule dependencies initialized +0ms
[Nest] 18380  - 15/08/2026, 09:54:48     LOG [InstanceLoader] AppModule dependencies initialized +1ms
[Nest] 18380  - 15/08/2026, 09:54:48     LOG [InstanceLoader] UsersModule dependencies initialized +1ms
[Nest] 18380  - 15/08/2026, 09:54:48     LOG [InstanceLoader] JwtModule dependencies initialized +0ms
[Nest] 18380  - 15/08/2026, 09:54:48     LOG [InstanceLoader] JwtModule dependencies initialized +0ms
[Nest] 18380  - 15/08/2026, 09:54:48     LOG [InstanceLoader] AuditModule dependencies initialized +1ms
[Nest] 18380  - 15/08/2026, 09:54:48     LOG [InstanceLoader] AdminModule dependencies initialized +0ms
[Nest] 18380  - 15/08/2026, 09:54:48     LOG [InstanceLoader] InteractionsModule dependencies initialized +1ms
[Nest] 18380  - 15/08/2026, 09:54:48     LOG [InstanceLoader] ChatModule dependencies initialized +0ms
[Nest] 18380  - 15/08/2026, 09:54:48     LOG [InstanceLoader] AuthModule dependencies initialized +1ms
[Nest] 18380  - 15/08/2026, 09:54:48     LOG [WebSocketsController] ChatGateway subscribed to the "conversation:join" message +14ms
[Nest] 18380  - 15/08/2026, 09:54:48     LOG [RoutesResolver] AppController {/}: +3ms
[Nest] 18380  - 15/08/2026, 09:54:48     LOG [RouterExplorer] Mapped {/, GET} route +4ms
[Nest] 18380  - 15/08/2026, 09:54:48     LOG [RoutesResolver] AuthController {/auth}: +0ms
[Nest] 18380  - 15/08/2026, 09:54:48     LOG [RouterExplorer] Mapped {/auth/register, POST} route +1ms
[Nest] 18380  - 15/08/2026, 09:54:48     LOG [RouterExplorer] Mapped {/auth/login, POST} route +1ms
[Nest] 18380  - 15/08/2026, 09:54:48     LOG [RouterExplorer] Mapped {/auth/forgot-password, POST} route +1ms
[Nest] 18380  - 15/08/2026, 09:54:48     LOG [RouterExplorer] Mapped {/auth/availability, GET} route +3ms
[Nest] 18380  - 15/08/2026, 09:54:48     LOG [RouterExplorer] Mapped {/auth/admin/login, POST} route +1ms
[Nest] 18380  - 15/08/2026, 09:54:48     LOG [RouterExplorer] Mapped {/auth/me, GET} route +2ms
[Nest] 18380  - 15/08/2026, 09:54:48     LOG [RouterExplorer] Mapped {/auth/password, PATCH} route +1ms
[Nest] 18380  - 15/08/2026, 09:54:48     LOG [RouterExplorer] Mapped {/auth/presence, POST} route +1ms
[Nest] 18380  - 15/08/2026, 09:54:48     LOG [RouterExplorer] Mapped {/auth/boosts, GET} route +0ms
[Nest] 18380  - 15/08/2026, 09:54:48     LOG [RouterExplorer] Mapped {/auth/matches, GET} route +1ms
[Nest] 18380  - 15/08/2026, 09:54:48     LOG [RouterExplorer] Mapped {/auth/match-photos/:photoId, GET} route +1ms
[Nest] 18380  - 15/08/2026, 09:54:48     LOG [RouterExplorer] Mapped {/auth/contact-viewers, GET} route +0ms
[Nest] 18380  - 15/08/2026, 09:54:48     LOG [RouterExplorer] Mapped {/auth/private-photo-viewers, GET} route +0ms
[Nest] 18380  - 15/08/2026, 09:54:48     LOG [RouterExplorer] Mapped {/auth/matches/:identifier, GET} route +1ms
[Nest] 18380  - 15/08/2026, 09:54:48     LOG [RouterExplorer] Mapped {/auth/me, PATCH} route +0ms
[Nest] 18380  - 15/08/2026, 09:54:48     LOG [RoutesResolver] ChatController {/chat}: +0ms
[Nest] 18380  - 15/08/2026, 09:54:48     LOG [RouterExplorer] Mapped {/chat/conversations, GET} route +1ms
[Nest] 18380  - 15/08/2026, 09:54:48     LOG [RouterExplorer] Mapped {/chat/message-access, GET} route +0ms
[Nest] 18380  - 15/08/2026, 09:54:48     LOG [RouterExplorer] Mapped {/chat/conversations/with/:userId, POST} route +0ms
[Nest] 18380  - 15/08/2026, 09:54:48     LOG [RouterExplorer] Mapped {/chat/conversations/:id/messages, GET} route +1ms
[Nest] 18380  - 15/08/2026, 09:54:48     LOG [RouterExplorer] Mapped {/chat/conversations/:id/messages, POST} route +0ms
[Nest] 18380  - 15/08/2026, 09:54:48     LOG [RouterExplorer] Mapped {/chat/conversations/:id/read, PATCH} route +0ms
[Nest] 18380  - 15/08/2026, 09:54:48     LOG [RouterExplorer] Mapped {/chat/conversations/:id/block, POST} route +1ms
[Nest] 18380  - 15/08/2026, 09:54:48     LOG [RouterExplorer] Mapped {/chat/conversations/:id/reports, POST} route +0ms
[Nest] 18380  - 15/08/2026, 09:54:48     LOG [RouterExplorer] Mapped {/chat/socket-ticket, POST} route +0ms
[Nest] 18380  - 15/08/2026, 09:54:48     LOG [RoutesResolver] AdminAuthController {/admin}: +1ms
[Nest] 18380  - 15/08/2026, 09:54:48     LOG [RouterExplorer] Mapped {/admin/login, POST} route +0ms
[Nest] 18380  - 15/08/2026, 09:54:48     LOG [RoutesResolver] AdminController {/admin}: +0ms
[Nest] 18380  - 15/08/2026, 09:54:48     LOG [RouterExplorer] Mapped {/admin/pending-babies, GET} route +0ms
[Nest] 18380  - 15/08/2026, 09:54:48     LOG [RouterExplorer] Mapped {/admin/waiting-babies, GET} route +1ms
[Nest] 18380  - 15/08/2026, 09:54:48     LOG [RouterExplorer] Mapped {/admin/premium-daddies, GET} route +0ms
[Nest] 18380  - 15/08/2026, 09:54:48     LOG [RouterExplorer] Mapped {/admin/activity-logs, GET} route +1ms
[Nest] 18380  - 15/08/2026, 09:54:48     LOG [RouterExplorer] Mapped {/admin/chat-reports, GET} route +0ms
[Nest] 18380  - 15/08/2026, 09:54:48     LOG [RouterExplorer] Mapped {/admin/chat-reports/:id/resolve, PATCH} route +0ms
[Nest] 18380  - 15/08/2026, 09:54:48     LOG [RouterExplorer] Mapped {/admin/profiles/:id/approve, PATCH} route +1ms
[Nest] 18380  - 15/08/2026, 09:54:48     LOG [RouterExplorer] Mapped {/admin/profiles/:id/reject, PATCH} route +1ms
[Nest] 18380  - 15/08/2026, 09:54:48     LOG [RouterExplorer] Mapped {/admin/profiles/:id/wait, PATCH} route +0ms
[Nest] 18380  - 15/08/2026, 09:54:48     LOG [RouterExplorer] Mapped {/admin/profiles/:id/photos/:photoId, DELETE} route +1ms
[Nest] 18380  - 15/08/2026, 09:54:48     LOG [RouterExplorer] Mapped {/admin/profiles/:id/premium, PATCH} route +0ms
[Nest] 18380  - 15/08/2026, 09:54:48     LOG [RouterExplorer] Mapped {/admin/profiles/:id/standard, PATCH} route +0ms
[Nest] 18380  - 15/08/2026, 09:54:48     LOG [RouterExplorer] Mapped {/admin/profiles/:id/premiere, PATCH} route +1ms
[Nest] 18380  - 15/08/2026, 09:54:48     LOG [RouterExplorer] Mapped {/admin/profiles/:id/regular, PATCH} route +0ms
[Nest] 18380  - 15/08/2026, 09:54:48     LOG [RoutesResolver] InteractionsController {/interactions}: +0ms
[Nest] 18380  - 15/08/2026, 09:54:48     LOG [RouterExplorer] Mapped {/interactions/likes/:babyId, POST} route +1ms
[Nest] 18380  - 15/08/2026, 09:54:48     LOG [RouterExplorer] Mapped {/interactions/releases/:daddyId, POST} route +0ms
[Nest] 18380  - 15/08/2026, 09:54:48     LOG [RouterExplorer] Mapped {/interactions/baby-likes/:daddyId, POST} route +0ms
[Nest] 18380  - 15/08/2026, 09:54:48     LOG [RouterExplorer] Mapped {/interactions/notifications, GET} route +1ms
[Nest] 18380  - 15/08/2026, 09:54:48     LOG [RouterExplorer] Mapped {/interactions/notifications/:id/read, PATCH} route +0ms
[Nest] 18380  - 15/08/2026, 09:54:48     LOG [NestApplication] Nest application successfully started +250ms
