[Nest] 18380  - 15/08/2026, 09:54:48   ERROR [NestApplication] Error: listen EADDRINUSE: address already in use :::3001 +3ms
node:net:2008
    const ex = new UVExceptionWithHostPort(err, 'listen', address, port);
               ^

Error: listen EADDRINUSE: address already in use :::3001
    at Server.setupListenHandle [as _listen2] (node:net:2008:16)
    at listenInCluster (node:net:2065:12)
    at Server.listen (node:net:2170:7)
    at ExpressAdapter.listen (C:\Users\User\Desktop\99\SUGARMIMO\sugarmimo-backend\node_modules\@nestjs\platform-express\adapters\express-adapter.js:115:32)
    at C:\Users\User\Desktop\99\SUGARMIMO\sugarmimo-backend\node_modules\@nestjs\core\nest-application.js:190:30
    at new Promise (<anonymous>)
    at NestApplication.listen (C:\Users\User\Desktop\99\SUGARMIMO\sugarmimo-backend\node_modules\@nestjs\core\nest-application.js:180:16)
    at process.processTicksAndRejections (node:internal/process/task_queues:104:5)
    at async bootstrap (C:\Users\User\Desktop\99\SUGARMIMO\sugarmimo-backend\src\main.ts:40:3) {
  code: 'EADDRINUSE',
  errno: -4091,
  syscall: 'listen',
  address: '::',
  port: 3001
}

Node.js v24.15.0
